
  .   ____          _            __ _ _
 /\\ / ___'_ __ _ _(_)_ __  __ _ \ \ \ \
( ( )\___ | '_ | '_| | '_ \/ _` | \ \ \ \
 \\/  ___)| |_)| | | | | || (_| |  ) ) ) )
  '  |____| .__|_| |_|_| |_\__, | / / / /
 =========|_|==============|___/=/_/_/_/
 :: Spring Boot ::                (v3.2.0)

2026-04-22T11:04:57.544+08:00  INFO 26744 --- [           main] c.e.c.CardManagementApplication          : Starting CardManagementApplication v1.0.0 using Java 21.0.2 with PID 26744 (F:\study\postgtaduate\Cursor_project\卡台管理系统\target\card-management-1.0.0.jar started by Lenovo in F:\study\postgtaduate\Cursor_project\卡台管理系统)
2026-04-22T11:04:57.546+08:00  INFO 26744 --- [           main] c.e.c.CardManagementApplication          : No active profile set, falling back to 1 default profile: "default"
2026-04-22T11:04:58.850+08:00  INFO 26744 --- [           main] .s.d.r.c.RepositoryConfigurationDelegate : Bootstrapping Spring Data JPA repositories in DEFAULT mode.
2026-04-22T11:04:58.933+08:00  INFO 26744 --- [           main] .s.d.r.c.RepositoryConfigurationDelegate : Finished Spring Data repository scanning in 60 ms. Found 4 JPA repository interfaces.
2026-04-22T11:04:59.655+08:00  INFO 26744 --- [           main] o.s.b.w.embedded.tomcat.TomcatWebServer  : Tomcat initialized with port 8080 (http)
2026-04-22T11:04:59.666+08:00  INFO 26744 --- [           main] o.a.catalina.core.AprLifecycleListener   : Loaded Apache Tomcat Native library [2.0.9] using APR version [1.7.6].
2026-04-22T11:04:59.672+08:00  INFO 26744 --- [           main] o.a.catalina.core.AprLifecycleListener   : OpenSSL successfully initialized [OpenSSL 3.5.0 8 Apr 2025]
2026-04-22T11:04:59.683+08:00  INFO 26744 --- [           main] o.apache.catalina.core.StandardService   : Starting service [Tomcat]
2026-04-22T11:04:59.683+08:00  INFO 26744 --- [           main] o.apache.catalina.core.StandardEngine    : Starting Servlet engine: [Apache Tomcat/10.1.16]
2026-04-22T11:04:59.734+08:00  INFO 26744 --- [           main] o.a.c.c.C.[Tomcat].[localhost].[/]       : Initializing Spring embedded WebApplicationContext
2026-04-22T11:04:59.738+08:00  INFO 26744 --- [           main] w.s.c.ServletWebServerApplicationContext : Root WebApplicationContext: initialization completed in 2088 ms
2026-04-22T11:04:59.943+08:00  INFO 26744 --- [           main] o.hibernate.jpa.internal.util.LogHelper  : HHH000204: Processing PersistenceUnitInfo [name: default]
2026-04-22T11:05:00.032+08:00  INFO 26744 --- [           main] org.hibernate.Version                    : HHH000412: Hibernate ORM core version 6.3.1.Final
2026-04-22T11:05:00.096+08:00  INFO 26744 --- [           main] o.h.c.internal.RegionFactoryInitiator    : HHH000026: Second-level cache disabled
2026-04-22T11:05:00.431+08:00  INFO 26744 --- [           main] o.s.o.j.p.SpringPersistenceUnitInfo      : No LoadTimeWeaver setup: ignoring JPA class transformer
2026-04-22T11:05:00.497+08:00  INFO 26744 --- [           main] com.zaxxer.hikari.HikariDataSource       : HikariPool-1 - Starting...
2026-04-22T11:05:00.706+08:00  INFO 26744 --- [           main] com.zaxxer.hikari.pool.HikariPool        : HikariPool-1 - Added connection com.mysql.cj.jdbc.ConnectionImpl@47fa3671
2026-04-22T11:05:00.711+08:00  INFO 26744 --- [           main] com.zaxxer.hikari.HikariDataSource       : HikariPool-1 - Start completed.
2026-04-22T11:05:01.732+08:00  INFO 26744 --- [           main] o.h.e.t.j.p.i.JtaPlatformInitiator       : HHH000489: No JTA platform available (set 'hibernate.transaction.jta.platform' to enable JTA platform integration)
Hibernate: 
    alter table merchant_card 
       modify column card_balance decimal(20,2) default 0.00
Hibernate: 
    alter table merchant_card 
       modify column card_status tinyint default 1
2026-04-22T11:05:01.856+08:00  INFO 26744 --- [           main] j.LocalContainerEntityManagerFactoryBean : Initialized JPA EntityManagerFactory for persistence unit 'default'
2026-04-22T11:05:02.565+08:00  WARN 26744 --- [           main] JpaBaseConfiguration$JpaWebConfiguration : spring.jpa.open-in-view is enabled by default. Therefore, database queries may be performed during view rendering. Explicitly configure spring.jpa.open-in-view to disable this warning
2026-04-22T11:05:02.615+08:00  WARN 26744 --- [           main] .s.s.UserDetailsServiceAutoConfiguration : 

Using generated security password: fb0a2746-73a9-4a6a-ad83-72adcd0ab54d

This generated password is for development use only. Your security configuration must be updated before running your application in production.

2026-04-22T11:05:02.948+08:00  INFO 26744 --- [           main] o.s.s.web.DefaultSecurityFilterChain     : Will secure any request with [org.springframework.security.web.session.DisableEncodeUrlFilter@54c697c, org.springframework.security.web.context.request.async.WebAsyncManagerIntegrationFilter@62075e3d, org.springframework.security.web.context.SecurityContextHolderFilter@1415f18d, org.springframework.security.web.header.HeaderWriterFilter@3c6e407, org.springframework.web.filter.CorsFilter@347c5721, org.springframework.security.web.authentication.logout.LogoutFilter@3e5febe9, com.example.cardmanagement.config.JwtFilter@48b01607, org.springframework.security.web.savedrequest.RequestCacheAwareFilter@533690d, org.springframework.security.web.servletapi.SecurityContextHolderAwareRequestFilter@3bf306d3, org.springframework.security.web.authentication.AnonymousAuthenticationFilter@63e81ac6, org.springframework.security.web.session.SessionManagementFilter@1a6df932, org.springframework.security.web.access.ExceptionTranslationFilter@65029fc, org.springframework.security.web.access.intercept.AuthorizationFilter@7fb313e3]
2026-04-22T11:05:03.343+08:00  INFO 26744 --- [           main] o.s.b.w.embedded.tomcat.TomcatWebServer  : Tomcat started on port 8080 (http) with context path ''
2026-04-22T11:05:03.375+08:00  INFO 26744 --- [           main] c.e.c.CardManagementApplication          : Started CardManagementApplication in 6.397 seconds (process running for 7.046)
2026-04-22T11:06:15.848+08:00  INFO 26744 --- [nio-8080-exec-1] o.a.c.c.C.[Tomcat].[localhost].[/]       : Initializing Spring DispatcherServlet 'dispatcherServlet'
2026-04-22T11:06:15.848+08:00  INFO 26744 --- [nio-8080-exec-1] o.s.web.servlet.DispatcherServlet        : Initializing Servlet 'dispatcherServlet'
2026-04-22T11:06:15.850+08:00  INFO 26744 --- [nio-8080-exec-1] o.s.web.servlet.DispatcherServlet        : Completed initialization in 1 ms
2026-04-22T11:06:15.869+08:00  WARN 26744 --- [nio-8080-exec-1] o.s.w.s.h.HandlerMappingIntrospector     : Cache miss for REQUEST dispatch to '/api/auth/current' (previous null). Performing MatchableHandlerMapping lookup. This is logged once only at WARN level, and every time at TRACE.
2026-04-22T11:06:16.490+08:00  INFO 26744 --- [nio-8080-exec-2] c.e.cardmanagement.service.UserService   : Login attempt for username: admin
Hibernate: 
    select
        su1_0.id,
        su1_0.create_time,
        su1_0.email,
        su1_0.first_name,
        su1_0.is_admin,
        su1_0.is_enabled,
        su1_0.last_login_time,
        su1_0.last_name,
        su1_0.password,
        su1_0.username 
    from
        sys_user su1_0 
    where
        su1_0.username=?
2026-04-22T11:06:16.752+08:00  INFO 26744 --- [nio-8080-exec-2] c.e.cardmanagement.service.UserService   : Login successful for user: admin
Hibernate: 
    update
        sys_user 
    set
        create_time=?,
        email=?,
        first_name=?,
        is_admin=?,
        is_enabled=?,
        last_login_time=?,
        last_name=?,
        password=?,
        username=? 
    where
        id=?
