
  .   ____          _            __ _ _
 /\\ / ___'_ __ _ _(_)_ __  __ _ \ \ \ \
( ( )\___ | '_ | '_| | '_ \/ _` | \ \ \ \
 \\/  ___)| |_)| | | | | || (_| |  ) ) ) )
  '  |____| .__|_| |_|_| |_\__, | / / / /
 =========|_|==============|___/=/_/_/_/
 :: Spring Boot ::                (v3.2.0)

2026-04-22T11:07:19.928+08:00  INFO 24036 --- [           main] c.e.c.CardManagementApplication          : Starting CardManagementApplication v1.0.0 using Java 21.0.2 with PID 24036 (F:\study\postgtaduate\Cursor_project\卡台管理系统\target\card-management-1.0.0.jar started by Lenovo in F:\study\postgtaduate\Cursor_project\卡台管理系统)
2026-04-22T11:07:19.932+08:00  INFO 24036 --- [           main] c.e.c.CardManagementApplication          : No active profile set, falling back to 1 default profile: "default"
2026-04-22T11:07:21.345+08:00  INFO 24036 --- [           main] .s.d.r.c.RepositoryConfigurationDelegate : Bootstrapping Spring Data JPA repositories in DEFAULT mode.
2026-04-22T11:07:21.441+08:00  INFO 24036 --- [           main] .s.d.r.c.RepositoryConfigurationDelegate : Finished Spring Data repository scanning in 74 ms. Found 4 JPA repository interfaces.
2026-04-22T11:07:22.187+08:00  INFO 24036 --- [           main] o.s.b.w.embedded.tomcat.TomcatWebServer  : Tomcat initialized with port 8080 (http)
2026-04-22T11:07:22.201+08:00  INFO 24036 --- [           main] o.a.catalina.core.AprLifecycleListener   : Loaded Apache Tomcat Native library [2.0.9] using APR version [1.7.6].
2026-04-22T11:07:22.206+08:00  INFO 24036 --- [           main] o.a.catalina.core.AprLifecycleListener   : OpenSSL successfully initialized [OpenSSL 3.5.0 8 Apr 2025]
2026-04-22T11:07:22.219+08:00  INFO 24036 --- [           main] o.apache.catalina.core.StandardService   : Starting service [Tomcat]
2026-04-22T11:07:22.220+08:00  INFO 24036 --- [           main] o.apache.catalina.core.StandardEngine    : Starting Servlet engine: [Apache Tomcat/10.1.16]
2026-04-22T11:07:22.283+08:00  INFO 24036 --- [           main] o.a.c.c.C.[Tomcat].[localhost].[/]       : Initializing Spring embedded WebApplicationContext
2026-04-22T11:07:22.285+08:00  INFO 24036 --- [           main] w.s.c.ServletWebServerApplicationContext : Root WebApplicationContext: initialization completed in 2246 ms
2026-04-22T11:07:22.463+08:00  INFO 24036 --- [           main] o.hibernate.jpa.internal.util.LogHelper  : HHH000204: Processing PersistenceUnitInfo [name: default]
2026-04-22T11:07:22.541+08:00  INFO 24036 --- [           main] org.hibernate.Version                    : HHH000412: Hibernate ORM core version 6.3.1.Final
2026-04-22T11:07:22.596+08:00  INFO 24036 --- [           main] o.h.c.internal.RegionFactoryInitiator    : HHH000026: Second-level cache disabled
2026-04-22T11:07:22.875+08:00  INFO 24036 --- [           main] o.s.o.j.p.SpringPersistenceUnitInfo      : No LoadTimeWeaver setup: ignoring JPA class transformer
2026-04-22T11:07:22.921+08:00  INFO 24036 --- [           main] com.zaxxer.hikari.HikariDataSource       : HikariPool-1 - Starting...
2026-04-22T11:07:23.126+08:00  INFO 24036 --- [           main] com.zaxxer.hikari.pool.HikariPool        : HikariPool-1 - Added connection com.mysql.cj.jdbc.ConnectionImpl@60f662bd
2026-04-22T11:07:23.128+08:00  INFO 24036 --- [           main] com.zaxxer.hikari.HikariDataSource       : HikariPool-1 - Start completed.
2026-04-22T11:07:24.074+08:00  INFO 24036 --- [           main] o.h.e.t.j.p.i.JtaPlatformInitiator       : HHH000489: No JTA platform available (set 'hibernate.transaction.jta.platform' to enable JTA platform integration)
Hibernate: 
    alter table merchant_card 
       modify column card_balance decimal(20,2) default 0.00
Hibernate: 
    alter table merchant_card 
       modify column card_status tinyint default 1
2026-04-22T11:07:24.188+08:00  INFO 24036 --- [           main] j.LocalContainerEntityManagerFactoryBean : Initialized JPA EntityManagerFactory for persistence unit 'default'
2026-04-22T11:07:24.895+08:00  WARN 24036 --- [           main] JpaBaseConfiguration$JpaWebConfiguration : spring.jpa.open-in-view is enabled by default. Therefore, database queries may be performed during view rendering. Explicitly configure spring.jpa.open-in-view to disable this warning
2026-04-22T11:07:24.945+08:00  WARN 24036 --- [           main] .s.s.UserDetailsServiceAutoConfiguration : 

Using generated security password: 672ae1b6-4fc4-4c40-9670-df123c21e772

This generated password is for development use only. Your security configuration must be updated before running your application in production.

2026-04-22T11:07:25.259+08:00  INFO 24036 --- [           main] o.s.s.web.DefaultSecurityFilterChain     : Will secure any request with [org.springframework.security.web.session.DisableEncodeUrlFilter@16718e1b, org.springframework.security.web.context.request.async.WebAsyncManagerIntegrationFilter@7fb313e3, org.springframework.security.web.context.SecurityContextHolderFilter@32f2de5c, org.springframework.security.web.header.HeaderWriterFilter@d98ce13, org.springframework.web.filter.CorsFilter@347c5721, org.springframework.security.web.authentication.logout.LogoutFilter@4e3bc13b, com.example.cardmanagement.config.JwtFilter@48b01607, org.springframework.security.web.savedrequest.RequestCacheAwareFilter@74120029, org.springframework.security.web.servletapi.SecurityContextHolderAwareRequestFilter@3031d9e9, org.springframework.security.web.authentication.AnonymousAuthenticationFilter@771ede0d, org.springframework.security.web.session.SessionManagementFilter@1d86b636, org.springframework.security.web.access.ExceptionTranslationFilter@443b9ebb, org.springframework.security.web.access.intercept.AuthorizationFilter@140fa482]
2026-04-22T11:07:25.655+08:00  INFO 24036 --- [           main] o.s.b.w.embedded.tomcat.TomcatWebServer  : Tomcat started on port 8080 (http) with context path ''
2026-04-22T11:07:25.672+08:00  INFO 24036 --- [           main] c.e.c.CardManagementApplication          : Started CardManagementApplication in 6.603 seconds (process running for 7.326)
2026-04-22T11:07:44.967+08:00  INFO 24036 --- [nio-8080-exec-2] o.a.c.c.C.[Tomcat].[localhost].[/]       : Initializing Spring DispatcherServlet 'dispatcherServlet'
2026-04-22T11:07:44.968+08:00  INFO 24036 --- [nio-8080-exec-2] o.s.web.servlet.DispatcherServlet        : Initializing Servlet 'dispatcherServlet'
2026-04-22T11:07:44.969+08:00  INFO 24036 --- [nio-8080-exec-2] o.s.web.servlet.DispatcherServlet        : Completed initialization in 1 ms
2026-04-22T11:07:44.986+08:00  WARN 24036 --- [nio-8080-exec-2] o.s.w.s.h.HandlerMappingIntrospector     : Cache miss for REQUEST dispatch to '/actuator/health' (previous null). Performing MatchableHandlerMapping lookup. This is logged once only at WARN level, and every time at TRACE.
2026-04-22T11:09:32.398+08:00  INFO 24036 --- [nio-8080-exec-3] c.e.cardmanagement.service.UserService   : Login attempt for username: admin
Hibernate: 
    select
        su1_0.id,
        su1_0.create_time,
        su1_0.email,
        su1_0.first_name,
        su1_0.is_admin,
        su1_0.is_enabled,
        su1_0.last_login_time,
        su1_0.last_name,
        su1_0.password,
        su1_0.username 
    from
        sys_user su1_0 
    where
        su1_0.username=?
2026-04-22T11:09:32.616+08:00  INFO 24036 --- [nio-8080-exec-3] c.e.cardmanagement.service.UserService   : Login successful for user: admin
Hibernate: 
    update
        sys_user 
    set
        create_time=?,
        email=?,
        first_name=?,
        is_admin=?,
        is_enabled=?,
        last_login_time=?,
        last_name=?,
        password=?,
        username=? 
    where
        id=?
Hibernate: 
    select
        su1_0.id,
        su1_0.create_time,
        su1_0.email,
        su1_0.first_name,
        su1_0.is_admin,
        su1_0.is_enabled,
        su1_0.last_login_time,
        su1_0.last_name,
        su1_0.password,
        su1_0.username 
    from
        sys_user su1_0 
    where
        su1_0.username=?
Hibernate: 
    select
        su1_0.id,
        su1_0.create_time,
        su1_0.email,
        su1_0.first_name,
        su1_0.is_admin,
        su1_0.is_enabled,
        su1_0.last_login_time,
        su1_0.last_name,
        su1_0.password,
        su1_0.username 
    from
        sys_user su1_0 
    where
        su1_0.username=?
Hibernate: 
    select
        su1_0.id,
        su1_0.create_time,
        su1_0.email,
        su1_0.first_name,
        su1_0.is_admin,
        su1_0.is_enabled,
        su1_0.last_login_time,
        su1_0.last_name,
        su1_0.password,
        su1_0.username 
    from
        sys_user su1_0 
    where
        su1_0.username=?
Hibernate: 
    select
        su1_0.id,
        su1_0.create_time,
        su1_0.email,
        su1_0.first_name,
        su1_0.is_admin,
        su1_0.is_enabled,
        su1_0.last_login_time,
        su1_0.last_name,
        su1_0.password,
        su1_0.username 
    from
        sys_user su1_0 
    where
        1=1 
    order by
        su1_0.id desc 
    limit
        ?, ?
Hibernate: 
    select
        count(su1_0.id) 
    from
        sys_user su1_0 
    where
        1=1
Hibernate: 
    select
        su1_0.id,
        su1_0.create_time,
        su1_0.email,
        su1_0.first_name,
        su1_0.is_admin,
        su1_0.is_enabled,
        su1_0.last_login_time,
        su1_0.last_name,
        su1_0.password,
        su1_0.username 
    from
        sys_user su1_0 
    where
        su1_0.username=?
Hibernate: 
    select
        a1_0.id,
        a1_0.balance,
        a1_0.create_time,
        a1_0.name,
        a1_0.recharge_rate,
        a1_0.single_card_fee,
        a1_0.status,
        a1_0.total_recharge_amount 
    from
        agent a1_0 
    where
        1=1 
    order by
        a1_0.id desc 
    limit
        ?, ?
Hibernate: 
    select
        count(a1_0.id) 
    from
        agent a1_0 
    where
        1=1
Hibernate: 
    select
        count(m1_0.id) 
    from
        merchant m1_0 
    where
        m1_0.agent_id=?
Hibernate: 
    select
        count(m1_0.id) 
    from
        merchant m1_0 
    where
        m1_0.agent_id=?
Hibernate: 
    select
        count(m1_0.id) 
    from
        merchant m1_0 
    where
        m1_0.agent_id=?
Hibernate: 
    select
        su1_0.id,
        su1_0.create_time,
        su1_0.email,
        su1_0.first_name,
        su1_0.is_admin,
        su1_0.is_enabled,
        su1_0.last_login_time,
        su1_0.last_name,
        su1_0.password,
        su1_0.username 
    from
        sys_user su1_0 
    where
        su1_0.username=?
Hibernate: 
    select
        m1_0.id,
        m1_0.account_status,
        m1_0.agent_id,
        m1_0.card_balance,
        m1_0.card_count,
        m1_0.create_time,
        m1_0.current_balance,
        m1_0.fund_freeze,
        m1_0.login_account,
        m1_0.login_password,
        m1_0.merchant_no,
        m1_0.merchant_type,
        m1_0.name 
    from
        merchant m1_0 
    where
        m1_0.account_status!=? 
    order by
        m1_0.id desc 
    limit
        ?, ?
Hibernate: 
    select
        a1_0.id,
        a1_0.balance,
        a1_0.create_time,
        a1_0.name,
        a1_0.recharge_rate,
        a1_0.single_card_fee,
        a1_0.status,
        a1_0.total_recharge_amount 
    from
        agent a1_0 
    where
        a1_0.id=?
2026-04-22T11:09:43.479+08:00  INFO 24036 --- [nio-8080-exec-8] c.e.cardmanagement.service.UserService   : Login attempt for username: admin
Hibernate: 
    select
        su1_0.id,
        su1_0.create_time,
        su1_0.email,
        su1_0.first_name,
        su1_0.is_admin,
        su1_0.is_enabled,
        su1_0.last_login_time,
        su1_0.last_name,
        su1_0.password,
        su1_0.username 
    from
        sys_user su1_0 
    where
        su1_0.username=?
2026-04-22T11:09:43.592+08:00  INFO 24036 --- [nio-8080-exec-8] c.e.cardmanagement.service.UserService   : Login successful for user: admin
Hibernate: 
    update
        sys_user 
    set
        create_time=?,
        email=?,
        first_name=?,
        is_admin=?,
        is_enabled=?,
        last_login_time=?,
        last_name=?,
        password=?,
        username=? 
    where
        id=?
Hibernate: 
    select
        su1_0.id,
        su1_0.create_time,
        su1_0.email,
        su1_0.first_name,
        su1_0.is_admin,
        su1_0.is_enabled,
        su1_0.last_login_time,
        su1_0.last_name,
        su1_0.password,
        su1_0.username 
    from
        sys_user su1_0 
    where
        su1_0.username=?
Hibernate: 
    select
        su1_0.id,
        su1_0.create_time,
        su1_0.email,
        su1_0.first_name,
        su1_0.is_admin,
        su1_0.is_enabled,
        su1_0.last_login_time,
        su1_0.last_name,
        su1_0.password,
        su1_0.username 
    from
        sys_user su1_0 
    where
        1=1 
    order by
        su1_0.id desc 
    limit
        ?, ?
Hibernate: 
    select
        count(su1_0.id) 
    from
        sys_user su1_0 
    where
        1=1
Hibernate: 
    select
        su1_0.id,
        su1_0.create_time,
        su1_0.email,
        su1_0.first_name,
        su1_0.is_admin,
        su1_0.is_enabled,
        su1_0.last_login_time,
        su1_0.last_name,
        su1_0.password,
        su1_0.username 
    from
        sys_user su1_0 
    where
        su1_0.username=?
Hibernate: 
    select
        a1_0.id,
        a1_0.balance,
        a1_0.create_time,
        a1_0.name,
        a1_0.recharge_rate,
        a1_0.single_card_fee,
        a1_0.status,
        a1_0.total_recharge_amount 
    from
        agent a1_0 
    where
        1=1 
    order by
        a1_0.id desc 
    limit
        ?, ?
Hibernate: 
    select
        count(a1_0.id) 
    from
        agent a1_0 
    where
        1=1
Hibernate: 
    select
        count(m1_0.id) 
    from
        merchant m1_0 
    where
        m1_0.agent_id=?
Hibernate: 
    select
        count(m1_0.id) 
    from
        merchant m1_0 
    where
        m1_0.agent_id=?
Hibernate: 
    select
        count(m1_0.id) 
    from
        merchant m1_0 
    where
        m1_0.agent_id=?
Hibernate: 
    select
        su1_0.id,
        su1_0.create_time,
        su1_0.email,
        su1_0.first_name,
        su1_0.is_admin,
        su1_0.is_enabled,
        su1_0.last_login_time,
        su1_0.last_name,
        su1_0.password,
        su1_0.username 
    from
        sys_user su1_0 
    where
        su1_0.username=?
Hibernate: 
    select
        m1_0.id,
        m1_0.account_status,
        m1_0.agent_id,
        m1_0.card_balance,
        m1_0.card_count,
        m1_0.create_time,
        m1_0.current_balance,
        m1_0.fund_freeze,
        m1_0.login_account,
        m1_0.login_password,
        m1_0.merchant_no,
        m1_0.merchant_type,
        m1_0.name 
    from
        merchant m1_0 
    where
        m1_0.account_status!=? 
    order by
        m1_0.id desc 
    limit
        ?, ?
Hibernate: 
    select
        a1_0.id,
        a1_0.balance,
        a1_0.create_time,
        a1_0.name,
        a1_0.recharge_rate,
        a1_0.single_card_fee,
        a1_0.status,
        a1_0.total_recharge_amount 
    from
        agent a1_0 
    where
        a1_0.id=?
2026-04-22T11:10:36.168+08:00  INFO 24036 --- [nio-8080-exec-3] c.e.cardmanagement.service.UserService   : Login attempt for username: admin
Hibernate: 
    select
        su1_0.id,
        su1_0.create_time,
        su1_0.email,
        su1_0.first_name,
        su1_0.is_admin,
        su1_0.is_enabled,
        su1_0.last_login_time,
        su1_0.last_name,
        su1_0.password,
        su1_0.username 
    from
        sys_user su1_0 
    where
        su1_0.username=?
2026-04-22T11:10:36.280+08:00  INFO 24036 --- [nio-8080-exec-3] c.e.cardmanagement.service.UserService   : Login successful for user: admin
Hibernate: 
    update
        sys_user 
    set
        create_time=?,
        email=?,
        first_name=?,
        is_admin=?,
        is_enabled=?,
        last_login_time=?,
        last_name=?,
        password=?,
        username=? 
    where
        id=?
Hibernate: 
    select
        su1_0.id,
        su1_0.create_time,
        su1_0.email,
        su1_0.first_name,
        su1_0.is_admin,
        su1_0.is_enabled,
        su1_0.last_login_time,
        su1_0.last_name,
        su1_0.password,
        su1_0.username 
    from
        sys_user su1_0 
    where
        su1_0.username=?
Hibernate: 
    select
        su1_0.id,
        su1_0.create_time,
        su1_0.email,
        su1_0.first_name,
        su1_0.is_admin,
        su1_0.is_enabled,
        su1_0.last_login_time,
        su1_0.last_name,
        su1_0.password,
        su1_0.username 
    from
        sys_user su1_0 
    where
        su1_0.username=?
Hibernate: 
    select
        su1_0.id,
        su1_0.create_time,
        su1_0.email,
        su1_0.first_name,
        su1_0.is_admin,
        su1_0.is_enabled,
        su1_0.last_login_time,
        su1_0.last_name,
        su1_0.password,
        su1_0.username 
    from
        sys_user su1_0 
    where
        su1_0.username=?
Hibernate: 
    select
        su1_0.id,
        su1_0.create_time,
        su1_0.email,
        su1_0.first_name,
        su1_0.is_admin,
        su1_0.is_enabled,
        su1_0.last_login_time,
        su1_0.last_name,
        su1_0.password,
        su1_0.username 
    from
        sys_user su1_0 
    where
        1=1 
    order by
        su1_0.id desc 
    limit
        ?, ?
Hibernate: 
    select
        count(su1_0.id) 
    from
        sys_user su1_0 
    where
        1=1
Hibernate: 
    select
        su1_0.id,
        su1_0.create_time,
        su1_0.email,
        su1_0.first_name,
        su1_0.is_admin,
        su1_0.is_enabled,
        su1_0.last_login_time,
        su1_0.last_name,
        su1_0.password,
        su1_0.username 
    from
        sys_user su1_0 
    where
        su1_0.username=?
Hibernate: 
    select
        a1_0.id,
        a1_0.balance,
        a1_0.create_time,
        a1_0.name,
        a1_0.recharge_rate,
        a1_0.single_card_fee,
        a1_0.status,
        a1_0.total_recharge_amount 
    from
        agent a1_0 
    where
        1=1 
    order by
        a1_0.id desc 
    limit
        ?, ?
Hibernate: 
    select
        count(a1_0.id) 
    from
        agent a1_0 
    where
        1=1
Hibernate: 
    select
        count(m1_0.id) 
    from
        merchant m1_0 
    where
        m1_0.agent_id=?
Hibernate: 
    select
        count(m1_0.id) 
    from
        merchant m1_0 
    where
        m1_0.agent_id=?
Hibernate: 
    select
        count(m1_0.id) 
    from
        merchant m1_0 
    where
        m1_0.agent_id=?
Hibernate: 
    select
        su1_0.id,
        su1_0.create_time,
        su1_0.email,
        su1_0.first_name,
        su1_0.is_admin,
        su1_0.is_enabled,
        su1_0.last_login_time,
        su1_0.last_name,
        su1_0.password,
        su1_0.username 
    from
        sys_user su1_0 
    where
        su1_0.username=?
Hibernate: 
    select
        m1_0.id,
        m1_0.account_status,
        m1_0.agent_id,
        m1_0.card_balance,
        m1_0.card_count,
        m1_0.create_time,
        m1_0.current_balance,
        m1_0.fund_freeze,
        m1_0.login_account,
        m1_0.login_password,
        m1_0.merchant_no,
        m1_0.merchant_type,
        m1_0.name 
    from
        merchant m1_0 
    where
        m1_0.account_status!=? 
    order by
        m1_0.id desc 
    limit
        ?, ?
Hibernate: 
    select
        a1_0.id,
        a1_0.balance,
        a1_0.create_time,
        a1_0.name,
        a1_0.recharge_rate,
        a1_0.single_card_fee,
        a1_0.status,
        a1_0.total_recharge_amount 
    from
        agent a1_0 
    where
        a1_0.id=?
Hibernate: 
    select
        su1_0.id,
        su1_0.create_time,
        su1_0.email,
        su1_0.first_name,
        su1_0.is_admin,
        su1_0.is_enabled,
        su1_0.last_login_time,
        su1_0.last_name,
        su1_0.password,
        su1_0.username 
    from
        sys_user su1_0 
    where
        su1_0.username=?
2026-04-22T11:10:57.170+08:00  INFO 24036 --- [io-8080-exec-10] c.e.cardmanagement.service.UserService   : Login attempt for username: admin
Hibernate: 
    select
        su1_0.id,
        su1_0.create_time,
        su1_0.email,
        su1_0.first_name,
        su1_0.is_admin,
        su1_0.is_enabled,
        su1_0.last_login_time,
        su1_0.last_name,
        su1_0.password,
        su1_0.username 
    from
        sys_user su1_0 
    where
        su1_0.username=?
2026-04-22T11:10:57.280+08:00  INFO 24036 --- [io-8080-exec-10] c.e.cardmanagement.service.UserService   : Login successful for user: admin
Hibernate: 
    update
        sys_user 
    set
        create_time=?,
        email=?,
        first_name=?,
        is_admin=?,
        is_enabled=?,
        last_login_time=?,
        last_name=?,
        password=?,
        username=? 
    where
        id=?
Hibernate: 
    select
        su1_0.id,
        su1_0.create_time,
        su1_0.email,
        su1_0.first_name,
        su1_0.is_admin,
        su1_0.is_enabled,
        su1_0.last_login_time,
        su1_0.last_name,
        su1_0.password,
        su1_0.username 
    from
        sys_user su1_0 
    where
        su1_0.username=?
2026-04-22T11:11:58.406+08:00  INFO 24036 --- [nio-8080-exec-4] c.e.cardmanagement.service.UserService   : Login attempt for username: admin
Hibernate: 
    select
        su1_0.id,
        su1_0.create_time,
        su1_0.email,
        su1_0.first_name,
        su1_0.is_admin,
        su1_0.is_enabled,
        su1_0.last_login_time,
        su1_0.last_name,
        su1_0.password,
        su1_0.username 
    from
        sys_user su1_0 
    where
        su1_0.username=?
2026-04-22T11:11:58.472+08:00  INFO 24036 --- [nio-8080-exec-4] c.e.cardmanagement.service.UserService   : Login successful for user: admin
Hibernate: 
    update
        sys_user 
    set
        create_time=?,
        email=?,
        first_name=?,
        is_admin=?,
        is_enabled=?,
        last_login_time=?,
        last_name=?,
        password=?,
        username=? 
    where
        id=?
Hibernate: 
    select
        su1_0.id,
        su1_0.create_time,
        su1_0.email,
        su1_0.first_name,
        su1_0.is_admin,
        su1_0.is_enabled,
        su1_0.last_login_time,
        su1_0.last_name,
        su1_0.password,
        su1_0.username 
    from
        sys_user su1_0 
    where
        su1_0.username=?
Hibernate: 
    select
        su1_0.id,
        su1_0.create_time,
        su1_0.email,
        su1_0.first_name,
        su1_0.is_admin,
        su1_0.is_enabled,
        su1_0.last_login_time,
        su1_0.last_name,
        su1_0.password,
        su1_0.username 
    from
        sys_user su1_0 
    where
        su1_0.username=?
Hibernate: 
    select
        su1_0.id,
        su1_0.create_time,
        su1_0.email,
        su1_0.first_name,
        su1_0.is_admin,
        su1_0.is_enabled,
        su1_0.last_login_time,
        su1_0.last_name,
        su1_0.password,
        su1_0.username 
    from
        sys_user su1_0 
    where
        su1_0.username=?
Hibernate: 
    select
        su1_0.id,
        su1_0.create_time,
        su1_0.email,
        su1_0.first_name,
        su1_0.is_admin,
        su1_0.is_enabled,
        su1_0.last_login_time,
        su1_0.last_name,
        su1_0.password,
        su1_0.username 
    from
        sys_user su1_0 
    where
        1=1 
    order by
        su1_0.id desc 
    limit
        ?, ?
Hibernate: 
    select
        count(su1_0.id) 
    from
        sys_user su1_0 
    where
        1=1
Hibernate: 
    select
        su1_0.id,
        su1_0.create_time,
        su1_0.email,
        su1_0.first_name,
        su1_0.is_admin,
        su1_0.is_enabled,
        su1_0.last_login_time,
        su1_0.last_name,
        su1_0.password,
        su1_0.username 
    from
        sys_user su1_0 
    where
        su1_0.username=?
Hibernate: 
    select
        a1_0.id,
        a1_0.balance,
        a1_0.create_time,
        a1_0.name,
        a1_0.recharge_rate,
        a1_0.single_card_fee,
        a1_0.status,
        a1_0.total_recharge_amount 
    from
        agent a1_0 
    where
        1=1 
    order by
        a1_0.id desc 
    limit
        ?, ?
Hibernate: 
    select
        count(a1_0.id) 
    from
        agent a1_0 
    where
        1=1
Hibernate: 
    select
        count(m1_0.id) 
    from
        merchant m1_0 
    where
        m1_0.agent_id=?
Hibernate: 
    select
        count(m1_0.id) 
    from
        merchant m1_0 
    where
        m1_0.agent_id=?
Hibernate: 
    select
        count(m1_0.id) 
    from
        merchant m1_0 
    where
        m1_0.agent_id=?
Hibernate: 
    select
        su1_0.id,
        su1_0.create_time,
        su1_0.email,
        su1_0.first_name,
        su1_0.is_admin,
        su1_0.is_enabled,
        su1_0.last_login_time,
        su1_0.last_name,
        su1_0.password,
        su1_0.username 
    from
        sys_user su1_0 
    where
        su1_0.username=?
Hibernate: 
    select
        m1_0.id,
        m1_0.account_status,
        m1_0.agent_id,
        m1_0.card_balance,
        m1_0.card_count,
        m1_0.create_time,
        m1_0.current_balance,
        m1_0.fund_freeze,
        m1_0.login_account,
        m1_0.login_password,
        m1_0.merchant_no,
        m1_0.merchant_type,
        m1_0.name 
    from
        merchant m1_0 
    where
        m1_0.account_status!=? 
    order by
        m1_0.id desc 
    limit
        ?, ?
Hibernate: 
    select
        a1_0.id,
        a1_0.balance,
        a1_0.create_time,
        a1_0.name,
        a1_0.recharge_rate,
        a1_0.single_card_fee,
        a1_0.status,
        a1_0.total_recharge_amount 
    from
        agent a1_0 
    where
        a1_0.id=?
Hibernate: 
    select
        su1_0.id,
        su1_0.create_time,
        su1_0.email,
        su1_0.first_name,
        su1_0.is_admin,
        su1_0.is_enabled,
        su1_0.last_login_time,
        su1_0.last_name,
        su1_0.password,
        su1_0.username 
    from
        sys_user su1_0 
    where
        su1_0.username=?
Hibernate: 
    select
        m1_0.id,
        m1_0.account_status,
        m1_0.agent_id,
        m1_0.card_balance,
        m1_0.card_count,
        m1_0.create_time,
        m1_0.current_balance,
        m1_0.fund_freeze,
        m1_0.login_account,
        m1_0.login_password,
        m1_0.merchant_no,
        m1_0.merchant_type,
        m1_0.name 
    from
        merchant m1_0 
    where
        m1_0.merchant_no=?
Hibernate: 
    select
        a1_0.id,
        a1_0.balance,
        a1_0.create_time,
        a1_0.name,
        a1_0.recharge_rate,
        a1_0.single_card_fee,
        a1_0.status,
        a1_0.total_recharge_amount 
    from
        agent a1_0 
    where
        a1_0.id=?
Hibernate: 
    insert 
    into
        merchant
        (account_status, agent_id, card_balance, card_count, create_time, current_balance, fund_freeze, login_account, login_password, merchant_no, merchant_type, name) 
    values
        (?, ?, ?, ?, ?, ?, ?, ?, ?, ?, ?, ?)
Hibernate: 
    select
        su1_0.id,
        su1_0.create_time,
        su1_0.email,
        su1_0.first_name,
        su1_0.is_admin,
        su1_0.is_enabled,
        su1_0.last_login_time,
        su1_0.last_name,
        su1_0.password,
        su1_0.username 
    from
        sys_user su1_0 
    where
        su1_0.username=?
Hibernate: 
    select
        m1_0.id,
        m1_0.account_status,
        a1_0.id,
        a1_0.balance,
        a1_0.create_time,
        a1_0.name,
        a1_0.recharge_rate,
        a1_0.single_card_fee,
        a1_0.status,
        a1_0.total_recharge_amount,
        m1_0.agent_id,
        m1_0.card_balance,
        m1_0.card_count,
        m1_0.create_time,
        m1_0.current_balance,
        m1_0.fund_freeze,
        m1_0.login_account,
        m1_0.login_password,
        m1_0.merchant_no,
        m1_0.merchant_type,
        m1_0.name 
    from
        merchant m1_0 
    left join
        agent a1_0 
            on a1_0.id=m1_0.agent_id 
    where
        m1_0.id=?
Hibernate: 
    select
        su1_0.id,
        su1_0.create_time,
        su1_0.email,
        su1_0.first_name,
        su1_0.is_admin,
        su1_0.is_enabled,
        su1_0.last_login_time,
        su1_0.last_name,
        su1_0.password,
        su1_0.username 
    from
        sys_user su1_0 
    where
        su1_0.username=?
Hibernate: 
    select
        m1_0.id,
        m1_0.account_status,
        a1_0.id,
        a1_0.balance,
        a1_0.create_time,
        a1_0.name,
        a1_0.recharge_rate,
        a1_0.single_card_fee,
        a1_0.status,
        a1_0.total_recharge_amount,
        m1_0.agent_id,
        m1_0.card_balance,
        m1_0.card_count,
        m1_0.create_time,
        m1_0.current_balance,
        m1_0.fund_freeze,
        m1_0.login_account,
        m1_0.login_password,
        m1_0.merchant_no,
        m1_0.merchant_type,
        m1_0.name 
    from
        merchant m1_0 
    left join
        agent a1_0 
            on a1_0.id=m1_0.agent_id 
    where
        m1_0.id=?
Hibernate: 
    update
        merchant 
    set
        account_status=?,
        agent_id=?,
        card_balance=?,
        card_count=?,
        create_time=?,
        current_balance=?,
        fund_freeze=?,
        login_account=?,
        login_password=?,
        merchant_no=?,
        merchant_type=?,
        name=? 
    where
        id=?
Hibernate: 
    select
        su1_0.id,
        su1_0.create_time,
        su1_0.email,
        su1_0.first_name,
        su1_0.is_admin,
        su1_0.is_enabled,
        su1_0.last_login_time,
        su1_0.last_name,
        su1_0.password,
        su1_0.username 
    from
        sys_user su1_0 
    where
        su1_0.username=?
Hibernate: 
    select
        m1_0.id,
        m1_0.account_status,
        a1_0.id,
        a1_0.balance,
        a1_0.create_time,
        a1_0.name,
        a1_0.recharge_rate,
        a1_0.single_card_fee,
        a1_0.status,
        a1_0.total_recharge_amount,
        m1_0.agent_id,
        m1_0.card_balance,
        m1_0.card_count,
        m1_0.create_time,
        m1_0.current_balance,
        m1_0.fund_freeze,
        m1_0.login_account,
        m1_0.login_password,
        m1_0.merchant_no,
        m1_0.merchant_type,
        m1_0.name 
    from
        merchant m1_0 
    left join
        agent a1_0 
            on a1_0.id=m1_0.agent_id 
    where
        m1_0.id=?
Hibernate: 
    update
        merchant 
    set
        account_status=?,
        agent_id=?,
        card_balance=?,
        card_count=?,
        create_time=?,
        current_balance=?,
        fund_freeze=?,
        login_account=?,
        login_password=?,
        merchant_no=?,
        merchant_type=?,
        name=? 
    where
        id=?
Hibernate: 
    select
        su1_0.id,
        su1_0.create_time,
        su1_0.email,
        su1_0.first_name,
        su1_0.is_admin,
        su1_0.is_enabled,
        su1_0.last_login_time,
        su1_0.last_name,
        su1_0.password,
        su1_0.username 
    from
        sys_user su1_0 
    where
        su1_0.username=?
Hibernate: 
    select
        m1_0.id,
        m1_0.account_status,
        m1_0.agent_id,
        m1_0.card_balance,
        m1_0.card_count,
        m1_0.create_time,
        m1_0.current_balance,
        m1_0.fund_freeze,
        m1_0.login_account,
        m1_0.login_password,
        m1_0.merchant_no,
        m1_0.merchant_type,
        m1_0.name 
    from
        merchant m1_0 
    where
        m1_0.merchant_no=? 
        and m1_0.account_status!=?
Hibernate: 
    select
        a1_0.id,
        a1_0.balance,
        a1_0.create_time,
        a1_0.name,
        a1_0.recharge_rate,
        a1_0.single_card_fee,
        a1_0.status,
        a1_0.total_recharge_amount 
    from
        agent a1_0 
    where
        a1_0.id=?
Hibernate: 
    select
        su1_0.id,
        su1_0.create_time,
        su1_0.email,
        su1_0.first_name,
        su1_0.is_admin,
        su1_0.is_enabled,
        su1_0.last_login_time,
        su1_0.last_name,
        su1_0.password,
        su1_0.username 
    from
        sys_user su1_0 
    where
        su1_0.username=?
Hibernate: 
    select
        m1_0.id,
        m1_0.account_status,
        a1_0.id,
        a1_0.balance,
        a1_0.create_time,
        a1_0.name,
        a1_0.recharge_rate,
        a1_0.single_card_fee,
        a1_0.status,
        a1_0.total_recharge_amount,
        m1_0.agent_id,
        m1_0.card_balance,
        m1_0.card_count,
        m1_0.create_time,
        m1_0.current_balance,
        m1_0.fund_freeze,
        m1_0.login_account,
        m1_0.login_password,
        m1_0.merchant_no,
        m1_0.merchant_type,
        m1_0.name 
    from
        merchant m1_0 
    left join
        agent a1_0 
            on a1_0.id=m1_0.agent_id 
    where
        m1_0.id=?
Hibernate: 
    update
        merchant 
    set
        account_status=?,
        agent_id=?,
        card_balance=?,
        card_count=?,
        create_time=?,
        current_balance=?,
        fund_freeze=?,
        login_account=?,
        login_password=?,
        merchant_no=?,
        merchant_type=?,
        name=? 
    where
        id=?
Hibernate: 
    select
        su1_0.id,
        su1_0.create_time,
        su1_0.email,
        su1_0.first_name,
        su1_0.is_admin,
        su1_0.is_enabled,
        su1_0.last_login_time,
        su1_0.last_name,
        su1_0.password,
        su1_0.username 
    from
        sys_user su1_0 
    where
        su1_0.username=?
Hibernate: 
    select
        m1_0.id,
        m1_0.account_status,
        a1_0.id,
        a1_0.balance,
        a1_0.create_time,
        a1_0.name,
        a1_0.recharge_rate,
        a1_0.single_card_fee,
        a1_0.status,
        a1_0.total_recharge_amount,
        m1_0.agent_id,
        m1_0.card_balance,
        m1_0.card_count,
        m1_0.create_time,
        m1_0.current_balance,
        m1_0.fund_freeze,
        m1_0.login_account,
        m1_0.login_password,
        m1_0.merchant_no,
        m1_0.merchant_type,
        m1_0.name 
    from
        merchant m1_0 
    left join
        agent a1_0 
            on a1_0.id=m1_0.agent_id 
    where
        m1_0.id=?
Hibernate: 
    select
        su1_0.id,
        su1_0.create_time,
        su1_0.email,
        su1_0.first_name,
        su1_0.is_admin,
        su1_0.is_enabled,
        su1_0.last_login_time,
        su1_0.last_name,
        su1_0.password,
        su1_0.username 
    from
        sys_user su1_0 
    where
        su1_0.username=?
Hibernate: 
    select
        m1_0.id,
        m1_0.account_status,
        m1_0.agent_id,
        m1_0.card_balance,
        m1_0.card_count,
        m1_0.create_time,
        m1_0.current_balance,
        m1_0.fund_freeze,
        m1_0.login_account,
        m1_0.login_password,
        m1_0.merchant_no,
        m1_0.merchant_type,
        m1_0.name 
    from
        merchant m1_0 
    where
        m1_0.merchant_no=? 
        and m1_0.account_status!=? 
    order by
        m1_0.id desc 
    limit
        ?, ?
Hibernate: 
    select
        su1_0.id,
        su1_0.create_time,
        su1_0.email,
        su1_0.first_name,
        su1_0.is_admin,
        su1_0.is_enabled,
        su1_0.last_login_time,
        su1_0.last_name,
        su1_0.password,
        su1_0.username 
    from
        sys_user su1_0 
    where
        su1_0.username=?
Hibernate: 
    select
        m1_0.id,
        m1_0.account_status,
        m1_0.agent_id,
        m1_0.card_balance,
        m1_0.card_count,
        m1_0.create_time,
        m1_0.current_balance,
        m1_0.fund_freeze,
        m1_0.login_account,
        m1_0.login_password,
        m1_0.merchant_no,
        m1_0.merchant_type,
        m1_0.name 
    from
        merchant m1_0 
    where
        m1_0.merchant_no=? 
        and m1_0.account_status=? 
    order by
        m1_0.id desc 
    limit
        ?, ?
Hibernate: 
    select
        a1_0.id,
        a1_0.balance,
        a1_0.create_time,
        a1_0.name,
        a1_0.recharge_rate,
        a1_0.single_card_fee,
        a1_0.status,
        a1_0.total_recharge_amount 
    from
        agent a1_0 
    where
        a1_0.id=?
Hibernate: 
    select
        su1_0.id,
        su1_0.create_time,
        su1_0.email,
        su1_0.first_name,
        su1_0.is_admin,
        su1_0.is_enabled,
        su1_0.last_login_time,
        su1_0.last_name,
        su1_0.password,
        su1_0.username 
    from
        sys_user su1_0 
    where
        su1_0.username=?
Hibernate: 
    select
        m1_0.id,
        m1_0.account_status,
        a1_0.id,
        a1_0.balance,
        a1_0.create_time,
        a1_0.name,
        a1_0.recharge_rate,
        a1_0.single_card_fee,
        a1_0.status,
        a1_0.total_recharge_amount,
        m1_0.agent_id,
        m1_0.card_balance,
        m1_0.card_count,
        m1_0.create_time,
        m1_0.current_balance,
        m1_0.fund_freeze,
        m1_0.login_account,
        m1_0.login_password,
        m1_0.merchant_no,
        m1_0.merchant_type,
        m1_0.name 
    from
        merchant m1_0 
    left join
        agent a1_0 
            on a1_0.id=m1_0.agent_id 
    where
        m1_0.id=?
2026-04-22T11:12:18.433+08:00  INFO 24036 --- [nio-8080-exec-9] c.e.cardmanagement.service.UserService   : Login attempt for username: admin
Hibernate: 
    select
        su1_0.id,
        su1_0.create_time,
        su1_0.email,
        su1_0.first_name,
        su1_0.is_admin,
        su1_0.is_enabled,
        su1_0.last_login_time,
        su1_0.last_name,
        su1_0.password,
        su1_0.username 
    from
        sys_user su1_0 
    where
        su1_0.username=?
2026-04-22T11:12:18.544+08:00  INFO 24036 --- [nio-8080-exec-9] c.e.cardmanagement.service.UserService   : Login successful for user: admin
Hibernate: 
    update
        sys_user 
    set
        create_time=?,
        email=?,
        first_name=?,
        is_admin=?,
        is_enabled=?,
        last_login_time=?,
        last_name=?,
        password=?,
        username=? 
    where
        id=?
Hibernate: 
    select
        su1_0.id,
        su1_0.create_time,
        su1_0.email,
        su1_0.first_name,
        su1_0.is_admin,
        su1_0.is_enabled,
        su1_0.last_login_time,
        su1_0.last_name,
        su1_0.password,
        su1_0.username 
    from
        sys_user su1_0 
    where
        su1_0.username=?
Hibernate: 
    select
        m1_0.id,
        m1_0.account_status,
        m1_0.agent_id,
        m1_0.card_balance,
        m1_0.card_count,
        m1_0.create_time,
        m1_0.current_balance,
        m1_0.fund_freeze,
        m1_0.login_account,
        m1_0.login_password,
        m1_0.merchant_no,
        m1_0.merchant_type,
        m1_0.name 
    from
        merchant m1_0 
    where
        m1_0.account_status!=? 
    order by
        m1_0.id desc 
    limit
        ?, ?
Hibernate: 
    select
        a1_0.id,
        a1_0.balance,
        a1_0.create_time,
        a1_0.name,
        a1_0.recharge_rate,
        a1_0.single_card_fee,
        a1_0.status,
        a1_0.total_recharge_amount 
    from
        agent a1_0 
    where
        a1_0.id=?
